/Users/vijayanad/Library/Mobile Documents/com~apple~CloudDocs/IAM PRO-2/iam-server/src/main/java/com/zaalima/iam_server/IamServerApplication.java
/Users/vijayanad/Library/Mobile Documents/com~apple~CloudDocs/IAM PRO-2/iam-server/src/main/java/com/zaalima/iam_server/config/AuthorizationServerConfig.java
/Users/vijayanad/Library/Mobile Documents/com~apple~CloudDocs/IAM PRO-2/iam-server/src/main/java/com/zaalima/iam_server/config/SecurityConfig.java
/Users/vijayanad/Library/Mobile Documents/com~apple~CloudDocs/IAM PRO-2/iam-server/src/main/java/com/zaalima/iam_server/controller/AuthController.java
/Users/vijayanad/Library/Mobile Documents/com~apple~CloudDocs/IAM PRO-2/iam-server/src/main/java/com/zaalima/iam_server/controller/UserController.java
/Users/vijayanad/Library/Mobile Documents/com~apple~CloudDocs/IAM PRO-2/iam-server/src/main/java/com/zaalima/iam_server/dto/RegisterRequest.java
/Users/vijayanad/Library/Mobile Documents/com~apple~CloudDocs/IAM PRO-2/iam-server/src/main/java/com/zaalima/iam_server/dto/UserResponse.java
/Users/vijayanad/Library/Mobile Documents/com~apple~CloudDocs/IAM PRO-2/iam-server/src/main/java/com/zaalima/iam_server/entity/Authority.java
/Users/vijayanad/Library/Mobile Documents/com~apple~CloudDocs/IAM PRO-2/iam-server/src/main/java/com/zaalima/iam_server/entity/Role.java
/Users/vijayanad/Library/Mobile Documents/com~apple~CloudDocs/IAM PRO-2/iam-server/src/main/java/com/zaalima/iam_server/entity/User.java
/Users/vijayanad/Library/Mobile Documents/com~apple~CloudDocs/IAM PRO-2/iam-server/src/main/java/com/zaalima/iam_server/repository/AuthorityRepository.java
/Users/vijayanad/Library/Mobile Documents/com~apple~CloudDocs/IAM PRO-2/iam-server/src/main/java/com/zaalima/iam_server/repository/RoleRepository.java
/Users/vijayanad/Library/Mobile Documents/com~apple~CloudDocs/IAM PRO-2/iam-server/src/main/java/com/zaalima/iam_server/repository/UserRepository.java
/Users/vijayanad/Library/Mobile Documents/com~apple~CloudDocs/IAM PRO-2/iam-server/src/main/java/com/zaalima/iam_server/service/CustomUserDetailsService.java
/Users/vijayanad/Library/Mobile Documents/com~apple~CloudDocs/IAM PRO-2/iam-server/src/main/java/com/zaalima/iam_server/service/UserService.java
